// Jest Snapshot v1, https://goo.gl/fbAQLP

exports[`<SideMenu /> Should render menu 1`] = `
<Menu
  fluid={true}
  size="huge"
  vertical={true}
>
  <MenuItem>
    <MenuHeader>
      Vocabulary
    </MenuHeader>
    <MenuMenu>
      <withProps(NavLink)
        to="/user/cards"
      >
        <Icon
          type="books"
        />
        My cards
        <div
          className="ui label"
        >
          3
        </div>
      </withProps(NavLink)>
    </MenuMenu>
  </MenuItem>
  <MenuItem>
    <MenuHeader>
      Learning
    </MenuHeader>
    <MenuMenu>
      <withProps(NavLink)
        to="/user/remember"
      >
        <Icon
          type="bubble2"
        />
        Remember
        <div
          className="ui label"
        >
          12
        </div>
      </withProps(NavLink)>
      <withProps(NavLink)
        to="/user/write"
      >
        <Icon
          type="pencil2"
        />
        Write
        <div
          className="ui label"
        >
          7
        </div>
      </withProps(NavLink)>
      <withProps(NavLink)
        to="/user/mp3"
      >
        <Icon
          type="headphones"
        />
        Download MP3
      </withProps(NavLink)>
    </MenuMenu>
  </MenuItem>
  <MenuItem>
    <MenuHeader>
      Other
    </MenuHeader>
    <MenuMenu>
      <withProps(NavLink)
        to="/user/statistics"
      >
        <Icon
          type="stats-dots"
        />
        Statistics
      </withProps(NavLink)>
      <withProps(NavLink)
        to="/user/base"
      >
        <Icon
          type="library"
        />
        Bases
      </withProps(NavLink)>
    </MenuMenu>
  </MenuItem>
</Menu>
`;
